Found 1 candidates:
  func New(text string) error
