Found 4 candidates:
  func SetA()
  func SetB()
  func SetC()
  func SetD()
